# $Author: cck $ $Date: 88/03/22 17:02:39 $
# $Header: conf.func.lst,v 1.9 88/03/22 17:02:39 cck Rel $
# $Revision: 1.9 $
# 
# see Conf.func.sh for format of file
#
# fill empty fields with x -- some machines strip extra IFS's
N+-,GETOPT,x,getopt,"cap: argument processing"
E,GETOPT,x,x,"cap: will use public domain getopt"
N+-,GETMNT,/usr/include/sys/mount.h,getmnt,"aufs: info on file systems (dec)"
N+-,STATFS,/usr/include/sys/vfs.h,statfs,"aufs: info on file systems (sun nfs)"
E,GETOPT,x,x,"aufs: no space information on volumes will be available"
N+-,QUOTA,/usr/include/sys/quota.h,quota,"aufs: info on user quota"
A+,SUNQUOTA,/usr/include/ufs/quota.h,quotactl,"aufs: info on user quota"
N+-,SUNQUOTA,/usr/include/mntent.h,getmntent,"aufs: used by sunquota"
E,QUOTA,x,x,"aufs: no information on user quotas"
N+-,FLOCK,/usr/include/sys/file.h,flock,"afp: file locking"
E,FLOCK,x,x,"afp: don't run with multiple writes on a volume: no file locking"
N+-,LOCKF,/usr/include/unistd.h,lockf,"afp: byte range locking using unistd.h"
N+-,FCNTLLOCKF,/usr/include/fcntl.h,lockf,"afp: byte range locking using fcntl.h"
E,LOCKF,x,x,"afp: don't run with multiple writes on a volume: no byte range lock"
A+,VPRINTF,/usr/include/varargs.h,vprintf,"cap: variable arg printf"
N+-,VPRINTF,/usr/include/varargs.h,vfprintf,"cap: variable arg fprintf"
E,VPRINTF,x,x,"cap: no vprintf available, will do the best we can"
N-+,NORECVMSG,x,recvmsg,"cap: lib: scatter gather recv"
E,NORECVMSG,x,x,"cap: lib: no recvmsg in system"
N-+,NOSENDMSG,x,sendmsg,"cap: lib: scatter gather send"
E,NOSENDMSG,x,x,"cap: lib: no sendmsg in system"
N-+,NOFFS,x,ffs,"cap: lib: ffs - find first set bit"
E,NOFFS,x,x,"cap: lib: no ffs"
